// Jest Snapshot v1, https://goo.gl/fbAQLP

exports[`LogInScreen matches snapshot 1`] = `
<RNCSafeAreaView
  edges={
    {
      "bottom": "additive",
      "left": "additive",
      "right": "additive",
      "top": "additive",
    }
  }
  isDark={false}
  style={
    {
      "backgroundColor": "#ffffff",
      "flexBasis": 0,
      "flexGrow": 1,
      "flexShrink": 1,
    }
  }
>
  <View
    style={
      {
        "alignItems": "center",
        "flexBasis": 0,
        "flexGrow": 1,
        "flexShrink": 1,
        "justifyContent": "center",
      }
    }
  >
    <ActivityIndicator
      color="#FF6B6B"
      size="large"
    />
  </View>
</RNCSafeAreaView>
`;
