// Jest Snapshot v1, https://goo.gl/fbAQLP

exports[`WelcomeScreen matches snapshot 1`] = `
<RNCSafeAreaView
  edges={
    {
      "bottom": "additive",
      "left": "additive",
      "right": "additive",
      "top": "additive",
    }
  }
  isDark={false}
  style={
    {
      "alignItems": "center",
      "backgroundColor": "#ffffff",
      "flexBasis": 0,
      "flexGrow": 1,
      "flexShrink": 1,
      "justifyContent": "center",
      "paddingBottom": 20,
      "paddingLeft": 20,
      "paddingRight": 20,
      "paddingTop": 20,
    }
  }
>
  <Text
    accessibilityLabel="Dating App Logo"
    accessibilityRole="image"
    style={
      {
        "color": "#FF6B6B",
        "fontSize": 36,
        "fontWeight": "bold",
        "marginBottom": 10,
      }
    }
  >
    Dating App
  </Text>
  <Text
    accessibilityRole="text"
    style={
      {
        "color": "#666",
        "fontSize": 18,
        "marginBottom": 60,
      }
    }
  >
    Find your perfect match
  </Text>
  <View
    style={
      {
        "maxWidth": 300,
        "width": "100%",
      }
    }
  >
    <View
      accessibilityHint="Navigate to sign up screen"
      accessibilityLabel="Sign Up"
      accessibilityRole="button"
      accessibilityState={
        {
          "busy": undefined,
          "checked": undefined,
          "disabled": undefined,
          "expanded": undefined,
          "selected": undefined,
        }
      }
      accessibilityValue={
        {
          "max": undefined,
          "min": undefined,
          "now": undefined,
          "text": undefined,
        }
      }
      accessible={true}
      collapsable={false}
      focusable={true}
      onClick={[Function]}
      onResponderGrant={[Function]}
      onResponderMove={[Function]}
      onResponderRelease={[Function]}
      onResponderTerminate={[Function]}
      onResponderTerminationRequest={[Function]}
      onStartShouldSetResponder={[Function]}
      style={
        {
          "alignItems": "center",
          "backgroundColor": "#FF6B6B",
          "borderBottomLeftRadius": 8,
          "borderBottomRightRadius": 8,
          "borderTopLeftRadius": 8,
          "borderTopRightRadius": 8,
          "marginBottom": 16,
          "opacity": 1,
          "paddingBottom": 16,
          "paddingLeft": 16,
          "paddingRight": 16,
          "paddingTop": 16,
          "width": "100%",
        }
      }
    >
      <Text
        isDark={false}
        style={
          {
            "color": "#ffffff",
            "fontSize": 16,
            "fontWeight": "bold",
          }
        }
      >
        Sign Up
      </Text>
    </View>
    <View
      accessibilityHint="Navigate to log in screen"
      accessibilityLabel="Log In"
      accessibilityRole="button"
      accessibilityState={
        {
          "busy": undefined,
          "checked": undefined,
          "disabled": undefined,
          "expanded": undefined,
          "selected": undefined,
        }
      }
      accessibilityValue={
        {
          "max": undefined,
          "min": undefined,
          "now": undefined,
          "text": undefined,
        }
      }
      accessible={true}
      collapsable={false}
      focusable={true}
      onClick={[Function]}
      onResponderGrant={[Function]}
      onResponderMove={[Function]}
      onResponderRelease={[Function]}
      onResponderTerminate={[Function]}
      onResponderTerminationRequest={[Function]}
      onStartShouldSetResponder={[Function]}
      style={
        {
          "alignItems": "center",
          "backgroundColor": "transparent",
          "borderBottomLeftRadius": 8,
          "borderBottomRightRadius": 8,
          "borderColor": "#FF6B6B",
          "borderStyle": "solid",
          "borderTopLeftRadius": 8,
          "borderTopRightRadius": 8,
          "borderWidth": 1,
          "marginBottom": 16,
          "opacity": 1,
          "paddingBottom": 16,
          "paddingLeft": 16,
          "paddingRight": 16,
          "paddingTop": 16,
          "width": "100%",
        }
      }
    >
      <Text
        isDark={false}
        style={
          {
            "color": "#ffffff",
            "fontSize": 16,
            "fontWeight": "bold",
          }
        }
      >
        Log In
      </Text>
    </View>
  </View>
</RNCSafeAreaView>
`;
